{
  "version": "1.5.0",
  "plugins_used": [
    {
      "name": "ArtifactoryDetector"
    },
    {
      "name": "AWSKeyDetector"
    },
    {
      "name": "AzureStorageKeyDetector"
    },
    {
      "name": "Base64HighEntropyString",
      "limit": 4.5
    },
    {
      "name": "BasicAuthDetector"
    },
    {
      "name": "CloudantDetector"
    },
    {
      "name": "DiscordBotTokenDetector"
    },
    {
      "name": "GitHubTokenDetector"
    },
    {
      "name": "GitLabTokenDetector"
    },
    {
      "name": "HexHighEntropyString",
      "limit": 3.0
    },
    {
      "name": "IbmCloudIamDetector"
    },
    {
      "name": "IbmCosHmacDetector"
    },
    {
      "name": "IPPublicDetector"
    },
    {
      "name": "JwtTokenDetector"
    },
    {
      "name": "KeywordDetector",
      "keyword_exclude": ""
    },
    {
      "name": "MailchimpDetector"
    },
    {
      "name": "NpmDetector"
    },
    {
      "name": "OpenAIDetector"
    },
    {
      "name": "PrivateKeyDetector"
    },
    {
      "name": "PypiTokenDetector"
    },
    {
      "name": "SendGridDetector"
    },
    {
      "name": "SlackDetector"
    },
    {
      "name": "SoftlayerDetector"
    },
    {
      "name": "SquareOAuthDetector"
    },
    {
      "name": "StripeDetector"
    },
    {
      "name": "TelegramBotTokenDetector"
    },
    {
      "name": "TwilioKeyDetector"
    }
  ],
  "filters_used": [
    {
      "path": "detect_secrets.filters.allowlist.is_line_allowlisted"
    },
    {
      "path": "detect_secrets.filters.common.is_baseline_file",
      "filename": ".secrets.baseline"
    },
    {
      "path": "detect_secrets.filters.common.is_ignored_due_to_verification_policies",
      "min_level": 2
    },
    {
      "path": "detect_secrets.filters.heuristic.is_indirect_reference"
    },
    {
      "path": "detect_secrets.filters.heuristic.is_likely_id_string"
    },
    {
      "path": "detect_secrets.filters.heuristic.is_lock_file"
    },
    {
      "path": "detect_secrets.filters.heuristic.is_not_alphanumeric_string"
    },
    {
      "path": "detect_secrets.filters.heuristic.is_potential_uuid"
    },
    {
      "path": "detect_secrets.filters.heuristic.is_prefixed_with_dollar_sign"
    },
    {
      "path": "detect_secrets.filters.heuristic.is_sequential_string"
    },
    {
      "path": "detect_secrets.filters.heuristic.is_swagger_file"
    },
    {
      "path": "detect_secrets.filters.heuristic.is_templated_secret"
    },
    {
      "path": "detect_secrets.filters.regex.should_exclude_file",
      "pattern": [
        "\\.env\\.example"
      ]
    }
  ],
  "results": {
    "app/config.py": [
      {
        "type": "Basic Auth Credentials",
        "filename": "app/config.py",
        "hashed_secret": "6af59eb8181c9cd47ceefe05a47630b139b891ef",
        "is_verified": false,
        "line_number": 12
      }
    ],
    "app/services/seed_demo_data.py": [
      {
        "type": "Secret Keyword",
        "filename": "app/services/seed_demo_data.py",
        "hashed_secret": "abcd42066f55af2adfdfc8c4ba0ad5636fe0af29",
        "is_verified": false,
        "line_number": 62
      }
    ],
    "app/services/seed_users.py": [
      {
        "type": "Secret Keyword",
        "filename": "app/services/seed_users.py",
        "hashed_secret": "f865b53623b121fd34ee5426c792e5c33af8c227",
        "is_verified": false,
        "line_number": 22
      },
      {
        "type": "Secret Keyword",
        "filename": "app/services/seed_users.py",
        "hashed_secret": "abcd42066f55af2adfdfc8c4ba0ad5636fe0af29",
        "is_verified": false,
        "line_number": 28
      }
    ],
    "app/tests/test_google_oauth.py": [
      {
        "type": "Secret Keyword",
        "filename": "app/tests/test_google_oauth.py",
        "hashed_secret": "913a73b565c8e2c8ed94497580f619397709b8b6",
        "is_verified": false,
        "line_number": 234
      }
    ],
    "app/tests/test_lark_oauth.py": [
      {
        "type": "Secret Keyword",
        "filename": "app/tests/test_lark_oauth.py",
        "hashed_secret": "913a73b565c8e2c8ed94497580f619397709b8b6",
        "is_verified": false,
        "line_number": 246
      }
    ],
    "app/tests/test_models.py": [
      {
        "type": "Basic Auth Credentials",
        "filename": "app/tests/test_models.py",
        "hashed_secret": "9d4e1e23bd5b727046a9e3b4b7db57bd8d6ee684",
        "is_verified": false,
        "line_number": 532
      }
    ],
    "app/tests/test_negotiation_evaluation_e2e.py": [
      {
        "type": "Secret Keyword",
        "filename": "app/tests/test_negotiation_evaluation_e2e.py",
        "hashed_secret": "2346ad27d7568ba9896f1b7da6b5991251debdf2",
        "is_verified": false,
        "line_number": 119
      }
    ],
    "app/tests/test_negotiation_standard_models.py": [
      {
        "type": "Secret Keyword",
        "filename": "app/tests/test_negotiation_standard_models.py",
        "hashed_secret": "1beb7496ebbe82c61151be093956d83dac625c13",
        "is_verified": false,
        "line_number": 35
      }
    ],
    "app/tests/test_negotiation_standard_service.py": [
      {
        "type": "Secret Keyword",
        "filename": "app/tests/test_negotiation_standard_service.py",
        "hashed_secret": "2346ad27d7568ba9896f1b7da6b5991251debdf2",
        "is_verified": false,
        "line_number": 80
      }
    ],
    "app/tests/test_negotiation_standards_api.py": [
      {
        "type": "Secret Keyword",
        "filename": "app/tests/test_negotiation_standards_api.py",
        "hashed_secret": "2346ad27d7568ba9896f1b7da6b5991251debdf2",
        "is_verified": false,
        "line_number": 69
      }
    ],
    "app/tests/test_negotiation_standards_security.py": [
      {
        "type": "Secret Keyword",
        "filename": "app/tests/test_negotiation_standards_security.py",
        "hashed_secret": "2346ad27d7568ba9896f1b7da6b5991251debdf2",
        "is_verified": false,
        "line_number": 120
      }
    ],
    "app/tests/test_property_debtor_simulator_script.py": [
      {
        "type": "Secret Keyword",
        "filename": "app/tests/test_property_debtor_simulator_script.py",
        "hashed_secret": "f4661dbb67fad1fc4d25f0fddf07479e70ae0771",
        "is_verified": false,
        "line_number": 1137
      }
    ],
    "app/tests/test_property_script_consumption.py": [
      {
        "type": "Secret Keyword",
        "filename": "app/tests/test_property_script_consumption.py",
        "hashed_secret": "f4661dbb67fad1fc4d25f0fddf07479e70ae0771",
        "is_verified": false,
        "line_number": 93
      }
    ],
    "app/tests/test_property_script_lifecycle.py": [
      {
        "type": "Secret Keyword",
        "filename": "app/tests/test_property_script_lifecycle.py",
        "hashed_secret": "f4661dbb67fad1fc4d25f0fddf07479e70ae0771",
        "is_verified": false,
        "line_number": 91
      }
    ],
    "app/tests/test_report_http_e2e.py": [
      {
        "type": "Secret Keyword",
        "filename": "app/tests/test_report_http_e2e.py",
        "hashed_secret": "913a73b565c8e2c8ed94497580f619397709b8b6",
        "is_verified": false,
        "line_number": 133
      }
    ],
    "app/tests/test_s109_script_conversion_db.py": [
      {
        "type": "Basic Auth Credentials",
        "filename": "app/tests/test_s109_script_conversion_db.py",
        "hashed_secret": "6af59eb8181c9cd47ceefe05a47630b139b891ef",
        "is_verified": false,
        "line_number": 10
      }
    ],
    "app/tests/test_script_registry.py": [
      {
        "type": "Secret Keyword",
        "filename": "app/tests/test_script_registry.py",
        "hashed_secret": "f4661dbb67fad1fc4d25f0fddf07479e70ae0771",
        "is_verified": false,
        "line_number": 84
      }
    ],
    "app/tests/test_session_report_e2e.py": [
      {
        "type": "Secret Keyword",
        "filename": "app/tests/test_session_report_e2e.py",
        "hashed_secret": "50144122c30c54145c90c7ce076b1bacf274c4b0",
        "is_verified": false,
        "line_number": 53
      }
    ],
    "app/tests/test_session_report_migrations.py": [
      {
        "type": "Secret Keyword",
        "filename": "app/tests/test_session_report_migrations.py",
        "hashed_secret": "908ac152e54bb4ec31cc1d7d5b186da7a42f9568",
        "is_verified": false,
        "line_number": 86
      }
    ],
    "app/tests/test_session_service.py": [
      {
        "type": "Secret Keyword",
        "filename": "app/tests/test_session_service.py",
        "hashed_secret": "f4661dbb67fad1fc4d25f0fddf07479e70ae0771",
        "is_verified": false,
        "line_number": 72
      }
    ],
    "docker-compose.yml": [
      {
        "type": "Secret Keyword",
        "filename": "docker-compose.yml",
        "hashed_secret": "6af59eb8181c9cd47ceefe05a47630b139b891ef",
        "is_verified": false,
        "line_number": 8
      },
      {
        "type": "Basic Auth Credentials",
        "filename": "docker-compose.yml",
        "hashed_secret": "6af59eb8181c9cd47ceefe05a47630b139b891ef",
        "is_verified": false,
        "line_number": 30
      }
    ]
  },
  "generated_at": "2026-08-13T11:41:42Z"
}
